// Jest Snapshot v1, https://goo.gl/fbAQLP

exports[`Should render the LinearGradientView 1`] = `
<View>
  <ViewManagerAdapter_ExpoLinearGradient
    proxiedProperties={
      Object {
        "colors": Array [
          4278224127,
          4279857894,
        ],
        "endPoint": Array [
          1,
          1,
        ],
        "locations": undefined,
        "startPoint": Array [
          0,
          0,
        ],
      }
    }
    style={
      Array [
        Object {
          "height": "100%",
        },
      ]
    }
  >
    <RCTScrollView>
      <View />
    </RCTScrollView>
  </ViewManagerAdapter_ExpoLinearGradient>
</View>
`;
