// Jest Snapshot v1, https://goo.gl/fbAQLP

exports[`Should render the TemperatureContainer 1`] = `
<View
  style={
    Array [
      Object {
        "alignItems": "center",
        "justifyContent": "center",
      },
    ]
  }
/>
`;
